\BOOKMARK [1][-]{section.1}{\376\377\000I\000n\000t\000r\000o\000d\000u\000c\000t\000i\000o\000n}{}% 1
\BOOKMARK [2][-]{subsection.1.1}{\376\377\000M\000o\000t\000i\000v\000a\000t\000i\000o\000n\000\040\000a\000n\000d\000\040\000C\000o\000n\000t\000r\000i\000b\000u\000t\000i\000o\000n\000s}{section.1}% 2
\BOOKMARK [2][-]{subsection.1.2}{\376\377\000D\000e\000s\000i\000g\000n\000\040\000P\000h\000i\000l\000o\000s\000o\000p\000h\000y}{section.1}% 3
\BOOKMARK [1][-]{section.2}{\376\377\000R\000e\000l\000a\000t\000e\000d\000\040\000W\000o\000r\000k}{}% 4
\BOOKMARK [2][-]{subsection.2.1}{\376\377\000H\000a\000s\000h\000\040\000F\000u\000n\000c\000t\000i\000o\000n\000\040\000C\000o\000m\000p\000o\000s\000i\000t\000i\000o\000n}{section.2}% 5
\BOOKMARK [2][-]{subsection.2.2}{\376\377\000P\000e\000r\000f\000e\000c\000t\000\040\000H\000a\000s\000h\000\040\000F\000u\000n\000c\000t\000i\000o\000n\000s}{section.2}% 6
\BOOKMARK [2][-]{subsection.2.3}{\376\377\000N\000o\000n\000-\000C\000r\000y\000p\000t\000o\000g\000r\000a\000p\000h\000i\000c\000\040\000H\000a\000s\000h\000\040\000F\000u\000n\000c\000t\000i\000o\000n\000s}{section.2}% 7
\BOOKMARK [2][-]{subsection.2.4}{\376\377\000C\000+\000+\000\040\000T\000e\000m\000p\000l\000a\000t\000e\000\040\000M\000e\000t\000a\000p\000r\000o\000g\000r\000a\000m\000m\000i\000n\000g\000\040\000a\000n\000d\000\040\000C\000o\000n\000c\000e\000p\000t\000s}{section.2}% 8
\BOOKMARK [2][-]{subsection.2.5}{\376\377\000A\000l\000g\000e\000b\000r\000a\000i\000c\000\040\000A\000p\000p\000r\000o\000a\000c\000h\000e\000s\000\040\000i\000n\000\040\000C\000r\000y\000p\000t\000o\000g\000r\000a\000p\000h\000y}{section.2}% 9
\BOOKMARK [1][-]{section.3}{\376\377\000M\000a\000t\000h\000e\000m\000a\000t\000i\000c\000a\000l\000\040\000F\000o\000u\000n\000d\000a\000t\000i\000o\000n\000s}{}% 10
\BOOKMARK [2][-]{subsection.3.1}{\376\377\000A\000l\000g\000e\000b\000r\000a\000i\000c\000\040\000P\000r\000o\000p\000e\000r\000t\000i\000e\000s\000\040\000o\000f\000\040\000H\000a\000s\000h\000\040\000F\000u\000n\000c\000t\000i\000o\000n\000s}{section.3}% 11
\BOOKMARK [2][-]{subsection.3.2}{\376\377\000P\000e\000r\000f\000e\000c\000t\000\040\000H\000a\000s\000h\000\040\000F\000u\000n\000c\000t\000i\000o\000n\000s}{section.3}% 12
\BOOKMARK [2][-]{subsection.3.3}{\376\377\000S\000t\000a\000t\000i\000s\000t\000i\000c\000a\000l\000\040\000P\000r\000o\000p\000e\000r\000t\000i\000e\000s}{section.3}% 13
\BOOKMARK [1][-]{section.4}{\376\377\000S\000y\000s\000t\000e\000m\000\040\000A\000r\000c\000h\000i\000t\000e\000c\000t\000u\000r\000e}{}% 14
\BOOKMARK [2][-]{subsection.4.1}{\376\377\000C\000o\000r\000e\000\040\000C\000o\000m\000p\000o\000n\000e\000n\000t\000s}{section.4}% 15
\BOOKMARK [2][-]{subsection.4.2}{\376\377\000C\000+\000+\0002\0000\000\040\000C\000o\000n\000c\000e\000p\000t\000s}{section.4}% 16
\BOOKMARK [1][-]{section.5}{\376\377\000I\000m\000p\000l\000e\000m\000e\000n\000t\000a\000t\000i\000o\000n\000\040\000D\000e\000t\000a\000i\000l\000s}{}% 17
\BOOKMARK [2][-]{subsection.5.1}{\376\377\000F\000N\000V\000-\0001\000a\000\040\000H\000a\000s\000h\000\040\000I\000m\000p\000l\000e\000m\000e\000n\000t\000a\000t\000i\000o\000n}{section.5}% 18
\BOOKMARK [2][-]{subsection.5.2}{\376\377\000T\000w\000o\000-\000L\000e\000v\000e\000l\000\040\000P\000e\000r\000f\000e\000c\000t\000\040\000H\000a\000s\000h\000\040\000F\000u\000n\000c\000t\000i\000o\000n\000s}{section.5}% 19
\BOOKMARK [2][-]{subsection.5.3}{\376\377\000C\000o\000m\000p\000i\000l\000e\000-\000T\000i\000m\000e\000\040\000O\000p\000t\000i\000m\000i\000z\000a\000t\000i\000o\000n\000s}{section.5}% 20
\BOOKMARK [1][-]{section.6}{\376\377\000P\000e\000r\000f\000o\000r\000m\000a\000n\000c\000e\000\040\000E\000v\000a\000l\000u\000a\000t\000i\000o\000n}{}% 21
\BOOKMARK [2][-]{subsection.6.1}{\376\377\000M\000e\000t\000h\000o\000d\000o\000l\000o\000g\000y}{section.6}% 22
\BOOKMARK [2][-]{subsection.6.2}{\376\377\000R\000e\000s\000u\000l\000t\000s}{section.6}% 23
\BOOKMARK [2][-]{subsection.6.3}{\376\377\000S\000t\000a\000t\000i\000s\000t\000i\000c\000a\000l\000\040\000Q\000u\000a\000l\000i\000t\000y}{section.6}% 24
\BOOKMARK [1][-]{section.7}{\376\377\000U\000s\000e\000\040\000C\000a\000s\000e\000s\000\040\000a\000n\000d\000\040\000A\000p\000p\000l\000i\000c\000a\000t\000i\000o\000n\000s}{}% 25
\BOOKMARK [2][-]{subsection.7.1}{\376\377\000H\000i\000g\000h\000-\000P\000e\000r\000f\000o\000r\000m\000a\000n\000c\000e\000\040\000H\000a\000s\000h\000\040\000T\000a\000b\000l\000e\000s}{section.7}% 26
\BOOKMARK [2][-]{subsection.7.2}{\376\377\000D\000i\000s\000t\000r\000i\000b\000u\000t\000e\000d\000\040\000S\000y\000s\000t\000e\000m\000s}{section.7}% 27
\BOOKMARK [2][-]{subsection.7.3}{\376\377\000C\000r\000y\000p\000t\000o\000g\000r\000a\000p\000h\000i\000c\000\040\000P\000r\000o\000t\000o\000c\000o\000l\000s}{section.7}% 28
\BOOKMARK [2][-]{subsection.7.4}{\376\377\000C\000o\000m\000p\000i\000l\000e\000r\000\040\000S\000y\000m\000b\000o\000l\000\040\000T\000a\000b\000l\000e\000s}{section.7}% 29
\BOOKMARK [1][-]{section.8}{\376\377\000C\000o\000m\000p\000a\000r\000i\000s\000o\000n\000\040\000w\000i\000t\000h\000\040\000E\000x\000i\000s\000t\000i\000n\000g\000\040\000S\000o\000l\000u\000t\000i\000o\000n\000s}{}% 30
\BOOKMARK [2][-]{subsection.8.1}{\376\377\000S\000t\000a\000n\000d\000a\000r\000d\000\040\000L\000i\000b\000r\000a\000r\000y\000\040\000\050\000s\000t\000d\000:\000:\000h\000a\000s\000h\000\051}{section.8}% 31
\BOOKMARK [2][-]{subsection.8.2}{\376\377\000B\000o\000o\000s\000t\000.\000H\000a\000s\000h}{section.8}% 32
\BOOKMARK [2][-]{subsection.8.3}{\376\377\000x\000x\000H\000a\000s\000h\000\040\000a\000n\000d\000\040\000C\000i\000t\000y\000H\000a\000s\000h}{section.8}% 33
\BOOKMARK [1][-]{section.9}{\376\377\000F\000u\000t\000u\000r\000e\000\040\000D\000i\000r\000e\000c\000t\000i\000o\000n\000s}{}% 34
\BOOKMARK [2][-]{subsection.9.1}{\376\377\000P\000l\000a\000n\000n\000e\000d\000\040\000F\000e\000a\000t\000u\000r\000e\000s}{section.9}% 35
\BOOKMARK [2][-]{subsection.9.2}{\376\377\000R\000e\000s\000e\000a\000r\000c\000h\000\040\000O\000p\000p\000o\000r\000t\000u\000n\000i\000t\000i\000e\000s}{section.9}% 36
\BOOKMARK [1][-]{section.10}{\376\377\000C\000o\000n\000c\000l\000u\000s\000i\000o\000n}{}% 37
\BOOKMARK [1][-]{appendix.A}{\376\377\000A\000P\000I\000\040\000R\000e\000f\000e\000r\000e\000n\000c\000e}{}% 38
\BOOKMARK [2][-]{subsection.A.1}{\376\377\000C\000o\000r\000e\000\040\000C\000o\000n\000c\000e\000p\000t\000s}{appendix.A}% 39
\BOOKMARK [2][-]{subsection.A.2}{\376\377\000H\000a\000s\000h\000\040\000F\000u\000n\000c\000t\000i\000o\000n\000s}{appendix.A}% 40
\BOOKMARK [2][-]{subsection.A.3}{\376\377\000C\000o\000m\000p\000o\000s\000i\000t\000i\000o\000n\000\040\000O\000p\000e\000r\000a\000t\000i\000o\000n\000s}{appendix.A}% 41
\BOOKMARK [1][-]{appendix.B}{\376\377\000I\000n\000s\000t\000a\000l\000l\000a\000t\000i\000o\000n\000\040\000a\000n\000d\000\040\000U\000s\000a\000g\000e}{}% 42
\BOOKMARK [2][-]{subsection.B.1}{\376\377\000I\000n\000s\000t\000a\000l\000l\000a\000t\000i\000o\000n}{appendix.B}% 43
\BOOKMARK [2][-]{subsection.B.2}{\376\377\000B\000a\000s\000i\000c\000\040\000U\000s\000a\000g\000e}{appendix.B}% 44
\BOOKMARK [2][-]{subsection.B.3}{\376\377\000B\000u\000i\000l\000d\000i\000n\000g\000\040\000P\000e\000r\000f\000e\000c\000t\000\040\000H\000a\000s\000h\000\040\000F\000u\000n\000c\000t\000i\000o\000n\000s}{appendix.B}% 45
