(Loading /usr/local/share/perl/5.38.2/LaTeXML/Package/TeX.pool.ltxml...
(Loading /usr/local/share/perl/5.38.2/LaTeXML/Package/eTeX.pool.ltxml... 0.00 sec)
(Loading /usr/local/share/perl/5.38.2/LaTeXML/Package/pdfTeX.pool.ltxml... 0.00 sec) 0.08 sec)
latexmlc (LaTeXML version 0.8.8)
invoked as [/usr/local/bin/latexmlc /home/spinoza/github/released/algebraic_hashing/docs/algebraic_hashing_whitepaper.tex --dest /tmp/tmpmdvfdfqj/html/index.html --timeout=600 --format=html5]
processing started Tue Oct  7 12:44:50 2025
(Digesting TeX algebraic_hashing_whitepaper...
(Processing content /home/spinoza/github/released/algebraic_hashing/docs/algebraic_hashing_whitepaper.tex...
(Loading /usr/local/share/perl/5.38.2/LaTeXML/Package/LaTeX.pool.ltxml...
(Loading /usr/local/share/perl/5.38.2/LaTeXML/Package/textcomp.sty.ltxml...
(Processing definitions /usr/share/texlive/texmf-dist/tex/latex/base/ts1enc.dfu... 0.01 sec) 0.62 sec) 0.76 sec)
(Loading /usr/local/share/perl/5.38.2/LaTeXML/Package/article.cls.ltxml... 0.01 sec)
(Loading /usr/local/share/perl/5.38.2/LaTeXML/Package/inputenc.sty.ltxml...
(Loading /usr/local/share/perl/5.38.2/LaTeXML/Package/utf8.def.ltxml... 0.00 sec) 0.01 sec)
(Loading /usr/local/share/perl/5.38.2/LaTeXML/Package/fontenc.sty.ltxml...
(Loading /usr/local/share/perl/5.38.2/LaTeXML/Package/t1enc.def.ltxml...
(Processing definitions /usr/share/texlive/texmf-dist/tex/latex/base/t1enc.def...
(Processing definitions /usr/share/texlive/texmf-dist/tex/latex/base/t1enc.dfu... 0.03 sec)
(Loading /usr/local/share/perl/5.38.2/LaTeXML/Package/t1.fontmap.ltxml... 0.00 sec) 0.07 sec) 0.07 sec) 0.08 sec)
(Loading /usr/local/share/perl/5.38.2/LaTeXML/Package/amsmath.sty.ltxml...
(Loading /usr/local/share/perl/5.38.2/LaTeXML/Package/amsbsy.sty.ltxml...
(Loading /usr/local/share/perl/5.38.2/LaTeXML/Package/amsgen.sty.ltxml... 0.00 sec) 0.00 sec)
(Loading /usr/local/share/perl/5.38.2/LaTeXML/Package/amstext.sty.ltxml... 0.00 sec)
(Loading /usr/local/share/perl/5.38.2/LaTeXML/Package/amsopn.sty.ltxml... 0.00 sec) 0.03 sec)
(Loading /usr/local/share/perl/5.38.2/LaTeXML/Package/amssymb.sty.ltxml...
(Loading /usr/local/share/perl/5.38.2/LaTeXML/Package/amsfonts.sty.ltxml... 0.00 sec) 0.01 sec)
(Loading /usr/local/share/perl/5.38.2/LaTeXML/Package/amsthm.sty.ltxml... 0.00 sec)
(Loading /usr/local/share/perl/5.38.2/LaTeXML/Package/graphicx.sty.ltxml...
(Loading /usr/local/share/perl/5.38.2/LaTeXML/Package/graphics.sty.ltxml... 0.00 sec) 0.02 sec)
(Loading /usr/local/share/perl/5.38.2/LaTeXML/Package/listings.sty.ltxml...
(Processing definitions /usr/share/texlive/texmf-dist/tex/latex/listings/listings.cfg... 0.01 sec) 0.05 sec)
(Loading /usr/local/share/perl/5.38.2/LaTeXML/Package/xcolor.sty.ltxml...
(Loading /usr/local/share/perl/5.38.2/LaTeXML/Package/color.sty.ltxml... 0.01 sec) 0.03 sec)
(Loading /usr/local/share/perl/5.38.2/LaTeXML/Package/tikz.sty.ltxml...
(Processing definitions /usr/share/texlive/texmf-dist/tex/latex/pgf/frontendlayer/tikz.sty...
(Loading /usr/local/share/perl/5.38.2/LaTeXML/Package/pgf.sty.ltxml...
(Processing definitions /usr/share/texlive/texmf-dist/tex/latex/pgf/basiclayer/pgf.sty...
(Processing definitions /usr/share/texlive/texmf-dist/tex/latex/pgf/utilities/pgfrcs.sty...
(Loading /usr/local/share/perl/5.38.2/LaTeXML/Package/pgfutil-common.tex.ltxml...
(Processing definitions /usr/share/texlive/texmf-dist/tex/generic/pgf/utilities/pgfutil-common.tex... 0.05 sec) 0.05 sec)
(Processing definitions /usr/share/texlive/texmf-dist/tex/generic/pgf/utilities/pgfutil-latex.def...
(Processing definitions /usr/share/texlive/texmf-dist/tex/latex/everyshi/everyshi.sty...
(Processing definitions /usr/share/texlive/texmf-dist/tex/latex/everyshi/everyshi-2001-05-15.sty... 0.01 sec) 0.11 sec) 0.13 sec)
(Processing definitions /usr/share/texlive/texmf-dist/tex/generic/pgf/utilities/pgfrcs.code.tex...
(Processing definitions /usr/share/texlive/texmf-dist/tex/generic/pgf/pgf.revision.tex... 0.00 sec) 0.01 sec) 0.30 sec)
(Processing definitions /usr/share/texlive/texmf-dist/tex/latex/pgf/basiclayer/pgfcore.sty...
(Processing definitions /usr/share/texlive/texmf-dist/tex/latex/pgf/systemlayer/pgfsys.sty...
(Processing definitions /usr/share/texlive/texmf-dist/tex/generic/pgf/systemlayer/pgfsys.code.tex...
(Loading /usr/local/share/perl/5.38.2/LaTeXML/Package/pgfkeys.code.tex.ltxml...
(Processing definitions /usr/share/texlive/texmf-dist/tex/generic/pgf/utilities/pgfkeys.code.tex...
(Processing definitions /usr/share/texlive/texmf-dist/tex/generic/pgf/utilities/pgfkeyslibraryfiltered.code.tex... 0.18 sec) 0.52 sec) 0.52 sec)
(Processing definitions /usr/share/texlive/texmf-dist/tex/generic/pgf/systemlayer/pgf.cfg... 0.00 sec)
Driver file for pgf: pgfsys-latexml.def
(Loading /usr/local/share/perl/5.38.2/LaTeXML/Package/pgfsys-latexml.def.ltxml... 0.01 sec) 0.86 sec)
(Processing definitions /usr/share/texlive/texmf-dist/tex/generic/pgf/systemlayer/pgfsyssoftpath.code.tex... 0.01 sec)
(Processing definitions /usr/share/texlive/texmf-dist/tex/generic/pgf/systemlayer/pgfsysprotocol.code.tex... 0.00 sec) 0.88 sec)
(Loading /usr/local/share/perl/5.38.2/LaTeXML/Package/keyval.sty.ltxml...
(Processing definitions /usr/share/texlive/texmf-dist/tex/latex/graphics/keyval.sty... 0.01 sec) 0.01 sec)
(Processing definitions /usr/share/texlive/texmf-dist/tex/generic/pgf/basiclayer/pgfcore.code.tex...
(Loading /usr/local/share/perl/5.38.2/LaTeXML/Package/pgfmath.code.tex.ltxml...
(Processing definitions /usr/share/texlive/texmf-dist/tex/generic/pgf/math/pgfmath.code.tex...
(Processing definitions /usr/share/texlive/texmf-dist/tex/generic/pgf/math/pgfmathutil.code.tex... 0.03 sec)
(Processing definitions /usr/share/texlive/texmf-dist/tex/generic/pgf/math/pgfmathparser.code.tex... 0.14 sec)
(Processing definitions /usr/share/texlive/texmf-dist/tex/generic/pgf/math/pgfmathfunctions.code.tex... 0.07 sec)
(Processing definitions /usr/share/texlive/texmf-dist/tex/generic/pgf/math/pgfmathfunctions.basic.code.tex... 0.15 sec)
(Processing definitions /usr/share/texlive/texmf-dist/tex/generic/pgf/math/pgfmathfunctions.trigonometric.code.tex... 0.54 sec)
(Processing definitions /usr/share/texlive/texmf-dist/tex/generic/pgf/math/pgfmathfunctions.random.code.tex... 0.02 sec)
(Processing definitions /usr/share/texlive/texmf-dist/tex/generic/pgf/math/pgfmathfunctions.comparison.code.tex... 0.09 sec)
(Processing definitions /usr/share/texlive/texmf-dist/tex/generic/pgf/math/pgfmathfunctions.base.code.tex... 0.05 sec)
(Processing definitions /usr/share/texlive/texmf-dist/tex/generic/pgf/math/pgfmathfunctions.round.code.tex... 0.02 sec)
(Processing definitions /usr/share/texlive/texmf-dist/tex/generic/pgf/math/pgfmathfunctions.misc.code.tex... 0.06 sec)
(Processing definitions /usr/share/texlive/texmf-dist/tex/generic/pgf/math/pgfmathfunctions.integerarithmetics.code.tex... 0.02 sec)
(Loading /usr/local/share/perl/5.38.2/LaTeXML/Package/pgfmathcalc.code.tex.ltxml...
(Processing definitions /usr/share/texlive/texmf-dist/tex/generic/pgf/math/pgfmathcalc.code.tex... 0.02 sec) 0.02 sec)
(Processing definitions /usr/share/texlive/texmf-dist/tex/generic/pgf/math/pgfmathfloat.code.tex... 0.69 sec) 1.94 sec) 1.95 sec)
(Processing definitions /usr/share/texlive/texmf-dist/tex/generic/pgf/math/pgfint.code.tex... 0.01 sec)
(Processing definitions /usr/share/texlive/texmf-dist/tex/generic/pgf/basiclayer/pgfcorepoints.code.tex... 0.07 sec)
(Processing definitions /usr/share/texlive/texmf-dist/tex/generic/pgf/basiclayer/pgfcorepathconstruct.code.tex... 0.08 sec)
(Processing definitions /usr/share/texlive/texmf-dist/tex/generic/pgf/basiclayer/pgfcorepathusage.code.tex... 0.11 sec)
(Processing definitions /usr/share/texlive/texmf-dist/tex/generic/pgf/basiclayer/pgfcorescopes.code.tex... 0.11 sec)
(Processing definitions /usr/share/texlive/texmf-dist/tex/generic/pgf/basiclayer/pgfcoregraphicstate.code.tex... 0.01 sec)
(Processing definitions /usr/share/texlive/texmf-dist/tex/generic/pgf/basiclayer/pgfcoretransformations.code.tex... 0.03 sec)
(Processing definitions /usr/share/texlive/texmf-dist/tex/generic/pgf/basiclayer/pgfcorequick.code.tex... 0.01 sec)
(Processing definitions /usr/share/texlive/texmf-dist/tex/generic/pgf/basiclayer/pgfcoreobjects.code.tex... 0.00 sec)
(Processing definitions /usr/share/texlive/texmf-dist/tex/generic/pgf/basiclayer/pgfcorepathprocessing.code.tex... 0.03 sec)
(Processing definitions /usr/share/texlive/texmf-dist/tex/generic/pgf/basiclayer/pgfcorearrows.code.tex... 0.78 sec)
(Processing definitions /usr/share/texlive/texmf-dist/tex/generic/pgf/basiclayer/pgfcoreshade.code.tex... 0.05 sec)
(Processing definitions /usr/share/texlive/texmf-dist/tex/generic/pgf/basiclayer/pgfcoreimage.code.tex... 0.08 sec)
(Processing definitions /usr/share/texlive/texmf-dist/tex/generic/pgf/basiclayer/pgfcoreexternal.code.tex... 0.07 sec)
(Processing definitions /usr/share/texlive/texmf-dist/tex/generic/pgf/basiclayer/pgfcorelayers.code.tex... 0.01 sec)
(Processing definitions /usr/share/texlive/texmf-dist/tex/generic/pgf/basiclayer/pgfcoretransparency.code.tex... 0.04 sec)
(Processing definitions /usr/share/texlive/texmf-dist/tex/generic/pgf/basiclayer/pgfcorepatterns.code.tex... 0.02 sec)
(Processing definitions /usr/share/texlive/texmf-dist/tex/generic/pgf/basiclayer/pgfcorerdf.code.tex... 0.01 sec) 3.50 sec) 4.40 sec)
(Processing definitions /usr/share/texlive/texmf-dist/tex/generic/pgf/modules/pgfmoduleshapes.code.tex... 0.15 sec)
(Processing definitions /usr/share/texlive/texmf-dist/tex/generic/pgf/modules/pgfmoduleplot.code.tex... 0.16 sec)
(Processing definitions /usr/share/texlive/texmf-dist/tex/latex/pgf/compatibility/pgfcomp-version-0-65.sty... 0.14 sec)
(Processing definitions /usr/share/texlive/texmf-dist/tex/latex/pgf/compatibility/pgfcomp-version-1-18.sty... 0.01 sec) 5.19 sec) 5.20 sec)
(Processing definitions /usr/share/texlive/texmf-dist/tex/latex/pgf/utilities/pgffor.sty...
(Processing definitions /usr/share/texlive/texmf-dist/tex/latex/pgf/utilities/pgfkeys.sty... 0.00 sec)
(Processing definitions /usr/share/texlive/texmf-dist/tex/latex/pgf/math/pgfmath.sty... 0.01 sec)
(Processing definitions /usr/share/texlive/texmf-dist/tex/generic/pgf/utilities/pgffor.code.tex... 0.11 sec) 0.13 sec)
(Processing definitions /usr/share/texlive/texmf-dist/tex/generic/pgf/frontendlayer/tikz/tikz.code.tex...
(Processing definitions /usr/share/texlive/texmf-dist/tex/generic/pgf/libraries/pgflibraryplothandlers.code.tex... 0.08 sec)
(Processing definitions /usr/share/texlive/texmf-dist/tex/generic/pgf/modules/pgfmodulematrix.code.tex... 0.03 sec)
(Processing definitions /usr/share/texlive/texmf-dist/tex/generic/pgf/frontendlayer/tikz/libraries/tikzlibrarytopaths.code.tex... 0.12 sec) 2.08 sec) 7.41 sec) 7.43 sec)
(Loading /usr/local/share/perl/5.38.2/LaTeXML/Package/algorithm.sty.ltxml...
(Processing definitions /usr/share/texlive/texmf-dist/tex/latex/algorithms/algorithm.sty...
Info:misdefined:UTF8 input isn't valid under encoding UTF8
	at algorithm.sty; line 11 col 0 - line 11 col 0
(Loading /usr/local/share/perl/5.38.2/LaTeXML/Package/float.sty.ltxml... 0.00 sec)
(Loading /usr/local/share/perl/5.38.2/LaTeXML/Package/ifthen.sty.ltxml...
(Processing definitions /usr/share/texlive/texmf-dist/tex/latex/base/ifthen.sty... 0.01 sec) 0.01 sec) 0.03 sec) 0.03 sec)
(Loading /usr/local/share/perl/5.38.2/LaTeXML/Package/algorithmic.sty.ltxml...
(Processing definitions /usr/share/texlive/texmf-dist/tex/latex/algorithms/algorithmic.sty...
Info:misdefined:UTF8 input isn't valid under encoding UTF8
	at algorithmic.sty; line 11 col 0 - line 11 col 0
 0.03 sec) 0.03 sec)
(Loading /usr/local/share/perl/5.38.2/LaTeXML/Package/booktabs.sty.ltxml... 0.00 sec)
(Loading /usr/local/share/perl/5.38.2/LaTeXML/Package/hyperref.sty.ltxml...
(Loading /usr/local/share/perl/5.38.2/LaTeXML/Package/ltxcmds.sty.ltxml...
(Processing definitions /usr/share/texlive/texmf-dist/tex/generic/ltxcmds/ltxcmds.sty... 0.05 sec) 0.05 sec)
(Loading /usr/local/share/perl/5.38.2/LaTeXML/Package/kvsetkeys.sty.ltxml...
(Processing definitions /usr/share/texlive/texmf-dist/tex/latex/kvsetkeys/kvsetkeys.sty... 0.03 sec) 0.04 sec)
(Loading /usr/local/share/perl/5.38.2/LaTeXML/Package/kvdefinekeys.sty.ltxml...
(Processing definitions /usr/share/texlive/texmf-dist/tex/generic/kvdefinekeys/kvdefinekeys.sty... 0.01 sec) 0.01 sec)
(Loading /usr/local/share/perl/5.38.2/LaTeXML/Package/kvoptions.sty.ltxml...
(Processing definitions /usr/share/texlive/texmf-dist/tex/latex/kvoptions/kvoptions.sty... 0.08 sec) 0.08 sec)
(Loading /usr/local/share/perl/5.38.2/LaTeXML/Package/nameref.sty.ltxml...
(Loading /usr/local/share/perl/5.38.2/LaTeXML/Package/refcount.sty.ltxml...
(Processing definitions /usr/share/texlive/texmf-dist/tex/latex/refcount/refcount.sty...
(Loading /usr/local/share/perl/5.38.2/LaTeXML/Package/infwarerr.sty.ltxml...
(Processing definitions /usr/share/texlive/texmf-dist/tex/generic/infwarerr/infwarerr.sty... 0.02 sec) 0.03 sec) 0.06 sec) 0.06 sec)
(Loading /usr/local/share/perl/5.38.2/LaTeXML/Package/gettitlestring.sty.ltxml...
(Processing definitions /usr/share/texlive/texmf-dist/tex/generic/gettitlestring/gettitlestring.sty... 0.19 sec) 0.19 sec) 0.26 sec)
(Loading /usr/local/share/perl/5.38.2/LaTeXML/Package/url.sty.ltxml... 0.00 sec)
(Loading /usr/local/share/perl/5.38.2/LaTeXML/Package/bitset.sty.ltxml...
(Processing definitions /usr/share/texlive/texmf-dist/tex/generic/bitset/bitset.sty...
(Loading /usr/local/share/perl/5.38.2/LaTeXML/Package/intcalc.sty.ltxml...
(Processing definitions /usr/share/texlive/texmf-dist/tex/generic/intcalc/intcalc.sty... 0.03 sec) 0.03 sec)
(Loading /usr/local/share/perl/5.38.2/LaTeXML/Package/bigintcalc.sty.ltxml...
(Processing definitions /usr/share/texlive/texmf-dist/tex/generic/bigintcalc/bigintcalc.sty...
(Loading /usr/local/share/perl/5.38.2/LaTeXML/Package/pdftexcmds.sty.ltxml...
(Loading /usr/local/share/perl/5.38.2/LaTeXML/Package/iftex.sty.ltxml... 0.00 sec) 0.01 sec) 0.09 sec) 0.10 sec) 0.22 sec) 0.22 sec) 0.71 sec)
(Loading /usr/local/share/perl/5.38.2/LaTeXML/Package/geometry.sty.ltxml...
(Loading /usr/local/share/perl/5.38.2/LaTeXML/Package/ifpdf.sty.ltxml... 0.00 sec)
(Loading /usr/local/share/perl/5.38.2/LaTeXML/Package/ifvtex.sty.ltxml... 0.00 sec)
(Loading /usr/local/share/perl/5.38.2/LaTeXML/Package/ifxetex.sty.ltxml... 0.00 sec) 0.02 sec)
(Loading /usr/local/share/perl/5.38.2/LaTeXML/Package/fancyhdr.sty.ltxml... 0.00 sec)
Warning:missing_file:abstract Can't find binding for package abstract
	at algebraic_hashing_whitepaper.tex; line 18 col 11 - line 18 col 11
	Anticipate undefined macros or environments
	search paths are /home/spinoza/github/released/algebraic_hashing/docs, /home/spinoza/github/released/algebraic_hashing/docs
	In Core::Definition::Constructor[\usepac... /usr/local/share/perl/5.38.2/LaTeXML/Package/LaTeX.pool.ltxml; line 879
(Loading /usr/local/share/perl/5.38.2/LaTeXML/Package/enumerate.sty.ltxml... 0.00 sec)
(Loading /usr/local/share/perl/5.38.2/LaTeXML/Package/microtype.sty.ltxml... 0.00 sec)
(Loading /usr/local/share/perl/5.38.2/LaTeXML/Package/caption.sty.ltxml... 0.01 sec)
(Loading /usr/local/share/perl/5.38.2/LaTeXML/Package/subcaption.sty.ltxml... 0.01 sec)
(Loading /usr/local/share/perl/5.38.2/LaTeXML/Package/pifont.sty.ltxml... 0.00 sec)
(Processing definitions /usr/share/texlive/texmf-dist/tex/latex/listings/lstlang1.sty... 0.56 sec)
ABD: EveryShipout initializing macros
(Loading /usr/local/share/perl/5.38.2/LaTeXML/Package/pzd.fontmap.ltxml... 0.04 sec) 16.95 sec) 16.95 sec)
(Building...
(Loading compiled schema /usr/local/share/perl/5.38.2/LaTeXML/resources/RelaxNG/LaTeXML.model... 0.00 sec)
Info:malformed:id Duplicated attribute xml:id
	at algebraic_hashing_whitepaper.tex; line 422 col 7 - line 422 col 7
	Using id='alg1.l0a' on <ltx:listingline _box="\lx@algorithmic@item@@[\algori..." _font="Font[serif,medium,upright,10,r..."/>
	id='alg1.l0' already set on <ltx:listingline _box="LaTeXML::Core::Whatsit=HASH(0x..." _font="Font[serif,medium,upright,10,r..." xml:id="alg1.l0" _ID_counter_m_="1">...
 2.15 sec)
(Rewriting... 0.01 sec)
(Math Parsing 78 formulae ...... 0.44 sec)
Math parsing succeeded:
   ltx:XMArg: 78/78
   ltx:XMath: 78/78
Symbols assumed as simple identifiers (with # of occurences):
   'B{italic}' (8), 'C{italic}' (4), 'D{italic}' (4), 'H{caligraphic}' (2), 'O{italic}' (9), 'S{italic}' (7), 'U{italic}' (2), 'c{italic}' (1), 'h{italic}' (68), 'm{italic}' (7), 'n{italic}' (8), 'x{italic}' (28), 'y{italic}' (3)
Set MATHPARSER_SPECULATE to speculate on possible notations.
(Finalizing... 0.23 sec)
Conversion complete: 1 warning; 1 missing file[abstract.sty] (See /home/spinoza/github/released/algebraic_hashing/docs/algebraic_hashing_whitepaper.latexml.log)
(post-processing...
(Scan index.html processing...
Scan: DBStatus: 678/0 objects
 0.10 sec)
(MakeBibliography index.html processing... 0.00 sec)
(CrossRef index.html processing... 0.05 sec)
(MathML::Presentation index.html 78 to process...
converted 78 Maths
 0.08 sec)
(XSLT[using LaTeXML-html5.xsl] index.html processing... 0.18 sec)
(Writer index.html processing... 0.00 sec) 0.42 sec)
Post-processing complete: No obvious problems
processing finished Tue Oct  7 12:45:10 2025
Status:conversion:1
